.................                                                        [100%]
17 passed in 1.10s
